[passport.alibaba.com/icbu_login.html]
[backblue.gif]
[fade.gif]
[index.html]
[s.alicdn.com/@img/tfs/TB1pDDmmF67gK0jSZPfXXahhFXa-2814-380.png]
[i.alicdn.com/g/dt/tracker/4.1.0/tracker.Tracker.js]
[i.alicdn.com/g/sd/ncpc/nca4e2.js]
[g.alicdn.com/vip/havana-nlogin/0.8.6/thirdpart-login.js]
[g.alicdn.com/dt/tracker/4.3.1/index8ae8.html]
[g.alicdn.com/index1e1c.html]
[i.alicdn.com/g/vip/havana-login/0.4.6/js/mini-login-min.js]
[retcode.alicdn.com/retcode/bl.js]
[s.alicdn.com/@g/icbu-group/enlogin/0.0.54/pages/homelogin/index.css]
[passport.alibaba.com/icbu_login.html]
[s.alicdn.com/@g/big-brother/sentry/2.x/index.js]
[s.alicdn.com/@g/vip/havana-login/0.3.3/images/login-btn.png]
[s.alicdn.com/@g/vip/havana-login/0.3.3/images/ajax-loader-16x16.gif]
[s.alicdn.com/@g/vip/havana-login/0.3.3/images/yunmail_input_bj.png]
[s.alicdn.com/@g/vip/havana-login/0.3.3/css/mini-login-form-min.css]
[i.alicdn.com/sc-footer/20160321161740/src/2x.png]
[s.alicdn.com/@g/icbu-group/enlogin/0.0.54/pages/homelogin/index.css]
[s.alicdn.com/@g/indexd311.html]
